prisma/seed.ts(91,13): error TS2322: Type '{ schoolId: number; name: string; apiKey: string; }' is not assignable to type '(Without<KioskCreateInput, KioskUncheckedCreateInput> & KioskUncheckedCreateInput) | (Without<...> & KioskCreateInput)'.
  Type '{ schoolId: number; name: string; apiKey: string; }' is not assignable to type 'Without<KioskCreateInput, KioskUncheckedCreateInput> & KioskUncheckedCreateInput'.
    Property 'ownerId' is missing in type '{ schoolId: number; name: string; apiKey: string; }' but required in type 'KioskUncheckedCreateInput'.
prisma/seed.ts(135,17): error TS2322: Type '{ name: string; barcode: string; priceCents: number; stockQuantity: number; minStockLevel: number; isActive: true; batches: { create: { quantity: number; expirationDate: Date; }[]; }; }' is not assignable to type '(Without<ProductCreateInput, ProductUncheckedCreateInput> & ProductUncheckedCreateInput) | (Without<...> & ProductCreateInput)'.
  Type '{ name: string; barcode: string; priceCents: number; stockQuantity: number; minStockLevel: number; isActive: true; batches: { create: { quantity: number; expirationDate: Date; }[]; }; }' is not assignable to type 'Without<ProductUncheckedCreateInput, ProductCreateInput> & ProductCreateInput'.
    Property 'owner' is missing in type '{ name: string; barcode: string; priceCents: number; stockQuantity: number; minStockLevel: number; isActive: true; batches: { create: { quantity: number; expirationDate: Date; }[]; }; }' but required in type 'ProductCreateInput'.
src/accounts/accounts.service.ts(14,58): error TS2322: Type '{ childId: number; }' is not assignable to type 'AccountWhereUniqueInput'.
  Type '{ childId: number; }' is not assignable to type '{ id: number; childId_ownerId: AccountChildIdOwnerIdCompoundUniqueInput; } & { id?: number | undefined; childId_ownerId?: AccountChildIdOwnerIdCompoundUniqueInput | undefined; ... 10 more ...; transactions?: TransactionListRelationFilter | undefined; }'.
    Type '{ childId: number; }' is missing the following properties from type '{ id: number; childId_ownerId: AccountChildIdOwnerIdCompoundUniqueInput; }': id, childId_ownerId
src/accounts/accounts.service.ts(15,60): error TS2322: Type '{ childId: number; }' is not assignable to type '(Without<AccountCreateInput, AccountUncheckedCreateInput> & AccountUncheckedCreateInput) | (Without<...> & AccountCreateInput)'.
  Type '{ childId: number; }' is not assignable to type 'Without<AccountCreateInput, AccountUncheckedCreateInput> & AccountUncheckedCreateInput'.
    Property 'ownerId' is missing in type '{ childId: number; }' but required in type 'AccountUncheckedCreateInput'.
src/accounts/accounts.service.ts(20,60): error TS2322: Type '{ childId: number; }' is not assignable to type 'AccountWhereUniqueInput'.
  Type '{ childId: number; }' is not assignable to type '{ id: number; childId_ownerId: AccountChildIdOwnerIdCompoundUniqueInput; } & { id?: number | undefined; childId_ownerId?: AccountChildIdOwnerIdCompoundUniqueInput | undefined; ... 10 more ...; transactions?: TransactionListRelationFilter | undefined; }'.
    Type '{ childId: number; }' is missing the following properties from type '{ id: number; childId_ownerId: AccountChildIdOwnerIdCompoundUniqueInput; }': id, childId_ownerId
src/accounts/accounts.service.ts(32,13): error TS2322: Type '{ childId: number; }' is not assignable to type 'AccountWhereUniqueInput'.
  Type '{ childId: number; }' is not assignable to type '{ id: number; childId_ownerId: AccountChildIdOwnerIdCompoundUniqueInput; } & { id?: number | undefined; childId_ownerId?: AccountChildIdOwnerIdCompoundUniqueInput | undefined; ... 10 more ...; transactions?: TransactionListRelationFilter | undefined; }'.
    Type '{ childId: number; }' is missing the following properties from type '{ id: number; childId_ownerId: AccountChildIdOwnerIdCompoundUniqueInput; }': id, childId_ownerId
src/auth/auth.service.ts(112,25): error TS2561: Object literal may only specify known properties, but 'account' does not exist in type 'ChildInclude<DefaultArgs>'. Did you mean to write 'accounts'?
src/auth/auth.service.ts(124,25): error TS2339: Property 'roles' does not exist on type '{ id: number; email: string; name: string; password: string; createdAt: Date; documentType: DocumentType | null; documentNumber: string | null; isActive: boolean; schoolId: number | null; }'.
src/categories/categories.service.ts(12,13): error TS2322: Type 'CreateCategoryDto' is not assignable to type '(Without<CategoryCreateInput, CategoryUncheckedCreateInput> & CategoryUncheckedCreateInput) | (Without<...> & CategoryCreateInput)'.
  Type 'CreateCategoryDto' is not assignable to type 'Without<CategoryUncheckedCreateInput, CategoryCreateInput> & CategoryCreateInput'.
    Property 'owner' is missing in type 'CreateCategoryDto' but required in type 'CategoryCreateInput'.
src/children/children.service.ts(21,17): error TS2561: Object literal may only specify known properties, but 'account' does not exist in type 'Without<ChildCreateInput, ChildUncheckedCreateInput> & ChildUncheckedCreateInput'. Did you mean to write 'accounts'?
src/children/children.service.ts(33,17): error TS2561: Object literal may only specify known properties, but 'account' does not exist in type 'ChildInclude<DefaultArgs>'. Did you mean to write 'accounts'?
src/children/children.service.ts(44,17): error TS2561: Object literal may only specify known properties, but 'account' does not exist in type 'ChildInclude<DefaultArgs>'. Did you mean to write 'accounts'?
src/children/children.service.ts(55,17): error TS2561: Object literal may only specify known properties, but 'account' does not exist in type 'ChildInclude<DefaultArgs>'. Did you mean to write 'accounts'?
src/limits/limits.service.ts(73,64): error TS2322: Type '{ childId: number; }' is not assignable to type 'AccountWhereUniqueInput'.
  Type '{ childId: number; }' is not assignable to type '{ id: number; childId_ownerId: AccountChildIdOwnerIdCompoundUniqueInput; } & { id?: number | undefined; childId_ownerId?: AccountChildIdOwnerIdCompoundUniqueInput | undefined; ... 10 more ...; transactions?: TransactionListRelationFilter | undefined; }'.
    Type '{ childId: number; }' is missing the following properties from type '{ id: number; childId_ownerId: AccountChildIdOwnerIdCompoundUniqueInput; }': id, childId_ownerId
src/limits/limits.service.ts(108,17): error TS2561: Object literal may only specify known properties, but 'account' does not exist in type 'ChildInclude<DefaultArgs>'. Did you mean to write 'accounts'?
src/payments/payments.service.ts(35,20): error TS2561: Object literal may only specify known properties, but 'account' does not exist in type 'ChildInclude<DefaultArgs>'. Did you mean to write 'accounts'?
src/payments/payments.service.ts(38,28): error TS2339: Property 'account' does not exist on type '{ id: number; createdAt: Date; documentType: DocumentType | null; documentNumber: string | null; isActive: boolean; schoolId: number; updatedAt: Date; firstName: string; ... 4 more ...; parentId: number | null; }'.
src/payments/payments.service.ts(55,9): error TS2322: Type '{ type: "TOPUP"; status: "PAID"; paymentMethod: "WALLET"; subTotalCents: number; taxCents: number; totalCents: number; cashierId: number; terminalId: number; startedAt: Date; completedAt: Date; accountId: any; externalRef: string; }' is not assignable to type '(Without<TransactionCreateInput, TransactionUncheckedCreateInput> & TransactionUncheckedCreateInput) | (Without<...> & TransactionCreateInput)'.
  Type '{ type: "TOPUP"; status: "PAID"; paymentMethod: "WALLET"; subTotalCents: number; taxCents: number; totalCents: number; cashierId: number; terminalId: number; startedAt: Date; completedAt: Date; accountId: any; externalRef: string; }' is not assignable to type 'Without<TransactionCreateInput, TransactionUncheckedCreateInput> & TransactionUncheckedCreateInput'.
    Property 'ownerId' is missing in type '{ type: "TOPUP"; status: "PAID"; paymentMethod: "WALLET"; subTotalCents: number; taxCents: number; totalCents: number; cashierId: number; terminalId: number; startedAt: Date; completedAt: Date; accountId: any; externalRef: string; }' but required in type 'TransactionUncheckedCreateInput'.
src/payments/payments.service.ts(66,28): error TS2339: Property 'account' does not exist on type '{ id: number; createdAt: Date; documentType: DocumentType | null; documentNumber: string | null; isActive: boolean; schoolId: number; updatedAt: Date; firstName: string; ... 4 more ...; parentId: number | null; }'.
src/payments/payments.service.ts(73,28): error TS2339: Property 'account' does not exist on type '{ id: number; createdAt: Date; documentType: DocumentType | null; documentNumber: string | null; isActive: boolean; schoolId: number; updatedAt: Date; firstName: string; ... 4 more ...; parentId: number | null; }'.
src/pos/pos.service.ts(213,13): error TS2322: Type '{ type: "SALE"; status: "PENDING"; paymentMethod: "CASH" | "CARD"; subTotalCents: number; taxCents: number; totalCents: number; cashierId: number; terminalId: number; accountId: number | undefined; }' is not assignable to type '(Without<TransactionCreateInput, TransactionUncheckedCreateInput> & TransactionUncheckedCreateInput) | (Without<...> & TransactionCreateInput)'.
  Type '{ type: "SALE"; status: "PENDING"; paymentMethod: "CASH" | "CARD"; subTotalCents: number; taxCents: number; totalCents: number; cashierId: number; terminalId: number; accountId: number | undefined; }' is not assignable to type 'Without<TransactionCreateInput, TransactionUncheckedCreateInput> & TransactionUncheckedCreateInput'.
    Property 'ownerId' is missing in type '{ type: "SALE"; status: "PENDING"; paymentMethod: "CASH" | "CARD"; subTotalCents: number; taxCents: number; totalCents: number; cashierId: number; terminalId: number; accountId: number | undefined; }' but required in type 'TransactionUncheckedCreateInput'.
src/pos/pos.service.ts(572,17): error TS2322: Type '{ type: "TOPUP"; status: "PAID"; paymentMethod: "CASH"; subTotalCents: number; taxCents: number; totalCents: number; cashierId: number; terminalId: number; externalRef: string; accountId: number; startedAt: Date; completedAt: Date; }' is not assignable to type '(Without<TransactionCreateInput, TransactionUncheckedCreateInput> & TransactionUncheckedCreateInput) | (Without<...> & TransactionCreateInput)'.
  Type '{ type: "TOPUP"; status: "PAID"; paymentMethod: "CASH"; subTotalCents: number; taxCents: number; totalCents: number; cashierId: number; terminalId: number; externalRef: string; accountId: number; startedAt: Date; completedAt: Date; }' is not assignable to type 'Without<TransactionCreateInput, TransactionUncheckedCreateInput> & TransactionUncheckedCreateInput'.
    Property 'ownerId' is missing in type '{ type: "TOPUP"; status: "PAID"; paymentMethod: "CASH"; subTotalCents: number; taxCents: number; totalCents: number; cashierId: number; terminalId: number; externalRef: string; accountId: number; startedAt: Date; completedAt: Date; }' but required in type 'TransactionUncheckedCreateInput'.
src/products/products.service.ts(19,9): error TS2322: Type '{ stockQuantity: number; taxRate: Prisma.Decimal | undefined; minStockLevel: number; supplierId: number | undefined; name: string; barcode: string; sku?: string; priceCents: number; ... 5 more ...; isActive?: boolean; }' is not assignable to type '(Without<ProductCreateInput, ProductUncheckedCreateInput> & ProductUncheckedCreateInput) | (Without<...> & ProductCreateInput)'.
  Type '{ stockQuantity: number; taxRate: Prisma.Decimal | undefined; minStockLevel: number; supplierId: number | undefined; name: string; barcode: string; sku?: string; priceCents: number; ... 5 more ...; isActive?: boolean; }' is not assignable to type 'Without<ProductUncheckedCreateInput, ProductCreateInput> & ProductCreateInput'.
    Type '{ stockQuantity: number; taxRate: Prisma.Decimal | undefined; minStockLevel: number; supplierId: number | undefined; name: string; barcode: string; sku?: string; priceCents: number; ... 5 more ...; isActive?: boolean; }' is not assignable to type 'Without<ProductUncheckedCreateInput, ProductCreateInput>'.
      Types of property 'categoryId' are incompatible.
        Type 'number | undefined' is not assignable to type 'undefined'.
          Type 'number' is not assignable to type 'undefined'.
src/products/products.service.ts(90,7): error TS2322: Type '{ barcode: string; isActive: true; }' is not assignable to type 'ProductWhereUniqueInput'.
  Type '{ barcode: string; isActive: true; }' is not assignable to type '{ id: number; barcode_ownerId: ProductBarcodeOwnerIdCompoundUniqueInput; sku_ownerId: ProductSkuOwnerIdCompoundUniqueInput; } & { ...; }'.
    Type '{ barcode: string; isActive: true; }' is missing the following properties from type '{ id: number; barcode_ownerId: ProductBarcodeOwnerIdCompoundUniqueInput; sku_ownerId: ProductSkuOwnerIdCompoundUniqueInput; }': id, barcode_ownerId, sku_ownerId
src/suppliers/suppliers.service.ts(22,13): error TS2322: Type 'CreateSupplierDto' is not assignable to type '(Without<SupplierCreateInput, SupplierUncheckedCreateInput> & SupplierUncheckedCreateInput) | (Without<...> & SupplierCreateInput)'.
  Type 'CreateSupplierDto' is not assignable to type 'Without<SupplierUncheckedCreateInput, SupplierCreateInput> & SupplierCreateInput'.
    Property 'owner' is missing in type 'CreateSupplierDto' but required in type 'SupplierCreateInput'.
src/users/users.service.ts(244,17): error TS2561: Object literal may only specify known properties, but 'account' does not exist in type 'Without<ChildCreateInput, ChildUncheckedCreateInput> & ChildUncheckedCreateInput'. Did you mean to write 'accounts'?
test/pos.e2e-spec.ts(41,14): error TS2339: Property 'reversal' does not exist on type 'PrismaService'.
test/pos.e2e-spec.ts(63,9): error TS2561: Object literal may only specify known properties, but 'role' does not exist in type 'Without<UserCreateInput, UserUncheckedCreateInput> & UserUncheckedCreateInput'. Did you mean to write 'roles'?
test/pos.e2e-spec.ts(63,15): error TS2693: 'Role' only refers to a type, but is being used as a value here.
test/pos.e2e-spec.ts(67,7): error TS2322: Type '{ id: number; name: string; apiKey: string; schoolId: number; }' is not assignable to type '(Without<KioskCreateInput, KioskUncheckedCreateInput> & KioskUncheckedCreateInput) | (Without<...> & KioskCreateInput)'.
  Type '{ id: number; name: string; apiKey: string; schoolId: number; }' is not assignable to type 'Without<KioskCreateInput, KioskUncheckedCreateInput> & KioskUncheckedCreateInput'.
    Property 'ownerId' is missing in type '{ id: number; name: string; apiKey: string; schoolId: number; }' but required in type 'KioskUncheckedCreateInput'.
test/pos.e2e-spec.ts(81,9): error TS2561: Object literal may only specify known properties, but 'account' does not exist in type 'Without<ChildCreateInput, ChildUncheckedCreateInput> & ChildUncheckedCreateInput'. Did you mean to write 'accounts'?
test/pos.e2e-spec.ts(83,18): error TS2561: Object literal may only specify known properties, but 'account' does not exist in type 'ChildInclude<DefaultArgs>'. Did you mean to write 'accounts'?
test/pos.e2e-spec.ts(86,23): error TS2339: Property 'account' does not exist on type '{ id: number; createdAt: Date; documentType: DocumentType | null; documentNumber: string | null; isActive: boolean; schoolId: number; updatedAt: Date; firstName: string; ... 4 more ...; parentId: number | null; }'.
